<?xml version="1.0"?>
<link_info>
   <banner>TMS320C55x Linker PC v4.4.1</banner>
   <copyright>Copyright (c) 1996-2012 Texas Instruments Incorporated</copyright>
   <link_time>0x5ebf1c1a</link_time>
   <output_file>FIR.out</output_file>
   <entry_point>
      <name>_c_int00</name>
      <address>0x201f6</address>
   </entry_point>
   <input_file_list>
      <input_file id="fl-2">
         <path>.\</path>
         <kind>object</kind>
         <file>main.obj</file>
         <name>main.obj</name>
      </input_file>
      <input_file id="fl-7">
         <path>..\</path>
         <kind>archive</kind>
         <file>55xdspx_r3.lib</file>
         <name>rand16.obj</name>
      </input_file>
      <input_file id="fl-8">
         <path>..\</path>
         <kind>archive</kind>
         <file>55xdspx_r3.lib</file>
         <name>rand16i.obj</name>
      </input_file>
      <input_file id="fl-1c">
         <path>C:\ti\ccsv5\tools\compiler\c5500_4.4.1\lib\</path>
         <kind>archive</kind>
         <file>rts55x.lib</file>
         <name>boot.obj</name>
      </input_file>
      <input_file id="fl-1d">
         <path>C:\ti\ccsv5\tools\compiler\c5500_4.4.1\lib\</path>
         <kind>archive</kind>
         <file>rts55x.lib</file>
         <name>exit.obj</name>
      </input_file>
      <input_file id="fl-1e">
         <path>C:\ti\ccsv5\tools\compiler\c5500_4.4.1\lib\</path>
         <kind>archive</kind>
         <file>rts55x.lib</file>
         <name>vectors.obj</name>
      </input_file>
      <input_file id="fl-1f">
         <path>C:\ti\ccsv5\tools\compiler\c5500_4.4.1\lib\</path>
         <kind>archive</kind>
         <file>rts55x.lib</file>
         <name>_lock.obj</name>
      </input_file>
      <input_file id="fl-20">
         <path>C:\ti\ccsv5\tools\compiler\c5500_4.4.1\lib\</path>
         <kind>archive</kind>
         <file>rts55x.lib</file>
         <name>args_main.obj</name>
      </input_file>
      <input_file id="fl-21">
         <path>C:\ti\ccsv5\tools\compiler\c5500_4.4.1\lib\</path>
         <kind>archive</kind>
         <file>rts55x.lib</file>
         <name>autoinit.obj</name>
      </input_file>
   </input_file_list>
   <object_component_list>
      <object_component id="oc-15">
         <name>.text</name>
         <load_address>0x20000</load_address>
         <run_address>0x20000</run_address>
         <size>0xea</size>
         <input_file_ref idref="fl-2"/>
      </object_component>
      <object_component id="oc-3e">
         <name>.text</name>
         <load_address>0x200ea</load_address>
         <run_address>0x200ea</run_address>
         <size>0x4d</size>
         <input_file_ref idref="fl-21"/>
      </object_component>
      <object_component id="oc-3a">
         <name>.text</name>
         <load_address>0x20137</load_address>
         <run_address>0x20137</run_address>
         <size>0x4b</size>
         <input_file_ref idref="fl-20"/>
      </object_component>
      <object_component id="oc-29">
         <name>.text</name>
         <load_address>0x20182</load_address>
         <run_address>0x20182</run_address>
         <size>0x3e</size>
         <input_file_ref idref="fl-1d"/>
      </object_component>
      <object_component id="oc-1c">
         <name>.text</name>
         <load_address>0x201c0</load_address>
         <run_address>0x201c0</run_address>
         <size>0x36</size>
         <input_file_ref idref="fl-7"/>
      </object_component>
      <object_component id="oc-13">
         <name>.text</name>
         <load_address>0x201f6</load_address>
         <run_address>0x201f6</run_address>
         <size>0x34</size>
         <input_file_ref idref="fl-1c"/>
      </object_component>
      <object_component id="oc-34">
         <name>.text</name>
         <load_address>0x2022a</load_address>
         <run_address>0x2022a</run_address>
         <size>0x12</size>
         <input_file_ref idref="fl-1f"/>
      </object_component>
      <object_component id="oc-20">
         <name>.text</name>
         <load_address>0x2023c</load_address>
         <run_address>0x2023c</run_address>
         <size>0x8</size>
         <input_file_ref idref="fl-8"/>
      </object_component>
      <object_component id="oc-2d">
         <name>.text:CIO_breakpoint</name>
         <load_address>0x20244</load_address>
         <run_address>0x20244</run_address>
         <size>0x7</size>
         <input_file_ref idref="fl-1d"/>
      </object_component>
      <object_component id="oc-30">
         <name>.text</name>
         <load_address>0x2024b</load_address>
         <run_address>0x2024b</run_address>
         <size>0x2</size>
         <input_file_ref idref="fl-1e"/>
      </object_component>
      <object_component id="oc-25">
         <name>.stack</name>
         <uninitialized>true</uninitialized>
         <run_address>0xc0</run_address>
         <size>0x0</size>
         <input_file_ref idref="fl-1c"/>
      </object_component>
      <object_component id="oc-5d">
         <name>.stack</name>
         <uninitialized>true</uninitialized>
         <run_address>0xc0</run_address>
         <size>0x0</size>
      </object_component>
      <object_component id="oc-42">
         <name>.sysstack</name>
         <uninitialized>true</uninitialized>
         <run_address>0x20c0</run_address>
         <size>0x0</size>
         <input_file_ref idref="fl-1c"/>
      </object_component>
      <object_component id="oc-5e">
         <name>.sysstack</name>
         <uninitialized>true</uninitialized>
         <run_address>0x20c0</run_address>
         <size>0x0</size>
      </object_component>
      <object_component id="oc-16">
         <name>.bss</name>
         <uninitialized>true</uninitialized>
         <run_address>0x30c0</run_address>
         <size>0x4e22</size>
         <input_file_ref idref="fl-2"/>
      </object_component>
      <object_component id="oc-21">
         <name>.bss</name>
         <uninitialized>true</uninitialized>
         <run_address>0x7ee2</run_address>
         <size>0x2</size>
         <input_file_ref idref="fl-8"/>
      </object_component>
      <object_component id="oc-35">
         <name>.bss</name>
         <uninitialized>true</uninitialized>
         <run_address>0x7ee4</run_address>
         <size>0x8</size>
         <input_file_ref idref="fl-1f"/>
      </object_component>
      <object_component id="oc-2a">
         <name>.bss</name>
         <uninitialized>true</uninitialized>
         <run_address>0x7eec</run_address>
         <size>0x8</size>
         <input_file_ref idref="fl-1d"/>
      </object_component>
      <object_component id="oc-37">
         <name>.cinit</name>
         <load_address>0x40000</load_address>
         <run_address>0x40000</run_address>
         <size>0x14</size>
         <input_file_ref idref="fl-1f"/>
      </object_component>
      <object_component id="oc-2c">
         <name>.cinit</name>
         <load_address>0x40014</load_address>
         <run_address>0x40014</run_address>
         <size>0x14</size>
         <input_file_ref idref="fl-1d"/>
      </object_component>
      <object_component id="oc-18">
         <name>.cinit</name>
         <load_address>0x40028</load_address>
         <run_address>0x40028</run_address>
         <size>0x8</size>
         <input_file_ref idref="fl-2"/>
      </object_component>
      <object_component id="oc-14">
         <name>vectors</name>
         <load_address>0x4fe00</load_address>
         <run_address>0x4fe00</run_address>
         <size>0x100</size>
         <input_file_ref idref="fl-1e"/>
      </object_component>
      <object_component id="oc-17">
         <name>.debug_info</name>
         <load_address>0x0</load_address>
         <run_address>0x0</run_address>
         <size>0xa38</size>
         <input_file_ref idref="fl-2"/>
      </object_component>
      <object_component id="oc-1d">
         <name>.debug_info</name>
         <load_address>0xa38</load_address>
         <run_address>0xa38</run_address>
         <size>0xd1</size>
         <input_file_ref idref="fl-7"/>
      </object_component>
      <object_component id="oc-22">
         <name>.debug_info</name>
         <load_address>0xb09</load_address>
         <run_address>0xb09</run_address>
         <size>0xd2</size>
         <input_file_ref idref="fl-8"/>
      </object_component>
      <object_component id="oc-26">
         <name>.debug_info</name>
         <load_address>0xbdb</load_address>
         <run_address>0xbdb</run_address>
         <size>0xe8</size>
         <input_file_ref idref="fl-1c"/>
      </object_component>
      <object_component id="oc-2b">
         <name>.debug_info</name>
         <load_address>0xcc3</load_address>
         <run_address>0xcc3</run_address>
         <size>0x5fb</size>
         <input_file_ref idref="fl-1d"/>
      </object_component>
      <object_component id="oc-31">
         <name>.debug_info</name>
         <load_address>0x12be</load_address>
         <run_address>0x12be</run_address>
         <size>0xbc</size>
         <input_file_ref idref="fl-1e"/>
      </object_component>
      <object_component id="oc-36">
         <name>.debug_info</name>
         <load_address>0x137a</load_address>
         <run_address>0x137a</run_address>
         <size>0x5bc</size>
         <input_file_ref idref="fl-1f"/>
      </object_component>
      <object_component id="oc-3b">
         <name>.debug_info</name>
         <load_address>0x1936</load_address>
         <run_address>0x1936</run_address>
         <size>0x586</size>
         <input_file_ref idref="fl-20"/>
      </object_component>
      <object_component id="oc-3f">
         <name>.debug_info</name>
         <load_address>0x1ebc</load_address>
         <run_address>0x1ebc</run_address>
         <size>0xcd</size>
         <input_file_ref idref="fl-21"/>
      </object_component>
      <object_component id="oc-62">
         <name>.debug_info</name>
         <load_address>0x1f89</load_address>
         <run_address>0x1f89</run_address>
         <size>0x6e</size>
      </object_component>
      <object_component id="oc-19">
         <name>.debug_frame</name>
         <load_address>0x0</load_address>
         <run_address>0x0</run_address>
         <size>0x133</size>
         <input_file_ref idref="fl-2"/>
      </object_component>
      <object_component id="oc-1a">
         <name>.debug_line</name>
         <load_address>0x0</load_address>
         <run_address>0x0</run_address>
         <size>0xbf</size>
         <input_file_ref idref="fl-2"/>
      </object_component>
      <object_component id="oc-1e">
         <name>.debug_line</name>
         <load_address>0xbf</load_address>
         <run_address>0xbf</run_address>
         <size>0x46</size>
         <input_file_ref idref="fl-7"/>
      </object_component>
      <object_component id="oc-23">
         <name>.debug_line</name>
         <load_address>0x105</load_address>
         <run_address>0x105</run_address>
         <size>0x3b</size>
         <input_file_ref idref="fl-8"/>
      </object_component>
      <object_component id="oc-27">
         <name>.debug_line</name>
         <load_address>0x140</load_address>
         <run_address>0x140</run_address>
         <size>0x54</size>
         <input_file_ref idref="fl-1c"/>
      </object_component>
      <object_component id="oc-2e">
         <name>.debug_line</name>
         <load_address>0x194</load_address>
         <run_address>0x194</run_address>
         <size>0x51</size>
         <input_file_ref idref="fl-1d"/>
      </object_component>
      <object_component id="oc-32">
         <name>.debug_line</name>
         <load_address>0x1e5</load_address>
         <run_address>0x1e5</run_address>
         <size>0x37</size>
         <input_file_ref idref="fl-1e"/>
      </object_component>
      <object_component id="oc-38">
         <name>.debug_line</name>
         <load_address>0x21c</load_address>
         <run_address>0x21c</run_address>
         <size>0x57</size>
         <input_file_ref idref="fl-1f"/>
      </object_component>
      <object_component id="oc-3c">
         <name>.debug_line</name>
         <load_address>0x273</load_address>
         <run_address>0x273</run_address>
         <size>0x41</size>
         <input_file_ref idref="fl-20"/>
      </object_component>
      <object_component id="oc-40">
         <name>.debug_line</name>
         <load_address>0x2b4</load_address>
         <run_address>0x2b4</run_address>
         <size>0x55</size>
         <input_file_ref idref="fl-21"/>
      </object_component>
      <object_component id="oc-1b">
         <name>.debug_abbrev</name>
         <load_address>0x0</load_address>
         <run_address>0x0</run_address>
         <size>0x136</size>
         <input_file_ref idref="fl-2"/>
      </object_component>
      <object_component id="oc-1f">
         <name>.debug_abbrev</name>
         <load_address>0x136</load_address>
         <run_address>0x136</run_address>
         <size>0x2c</size>
         <input_file_ref idref="fl-7"/>
      </object_component>
      <object_component id="oc-24">
         <name>.debug_abbrev</name>
         <load_address>0x162</load_address>
         <run_address>0x162</run_address>
         <size>0x2c</size>
         <input_file_ref idref="fl-8"/>
      </object_component>
      <object_component id="oc-28">
         <name>.debug_abbrev</name>
         <load_address>0x18e</load_address>
         <run_address>0x18e</run_address>
         <size>0x3a</size>
         <input_file_ref idref="fl-1c"/>
      </object_component>
      <object_component id="oc-2f">
         <name>.debug_abbrev</name>
         <load_address>0x1c8</load_address>
         <run_address>0x1c8</run_address>
         <size>0xf7</size>
         <input_file_ref idref="fl-1d"/>
      </object_component>
      <object_component id="oc-33">
         <name>.debug_abbrev</name>
         <load_address>0x2bf</load_address>
         <run_address>0x2bf</run_address>
         <size>0x26</size>
         <input_file_ref idref="fl-1e"/>
      </object_component>
      <object_component id="oc-39">
         <name>.debug_abbrev</name>
         <load_address>0x2e5</load_address>
         <run_address>0x2e5</run_address>
         <size>0x9f</size>
         <input_file_ref idref="fl-1f"/>
      </object_component>
      <object_component id="oc-3d">
         <name>.debug_abbrev</name>
         <load_address>0x384</load_address>
         <run_address>0x384</run_address>
         <size>0xec</size>
         <input_file_ref idref="fl-20"/>
      </object_component>
      <object_component id="oc-41">
         <name>.debug_abbrev</name>
         <load_address>0x470</load_address>
         <run_address>0x470</run_address>
         <size>0x44</size>
         <input_file_ref idref="fl-21"/>
      </object_component>
      <object_component id="oc-63">
         <name>.debug_abbrev</name>
         <load_address>0x4b4</load_address>
         <run_address>0x4b4</run_address>
         <size>0xd</size>
      </object_component>
   </object_component_list>
   <logical_group_list>
      <logical_group id="lg-60">
         <name>.text</name>
         <load_address>0x20000</load_address>
         <run_address>0x20000</run_address>
         <size>0x24e</size>
         <contents>
            <object_component_ref idref="oc-15"/>
            <object_component_ref idref="oc-3e"/>
            <object_component_ref idref="oc-3a"/>
            <object_component_ref idref="oc-29"/>
            <object_component_ref idref="oc-1c"/>
            <object_component_ref idref="oc-13"/>
            <object_component_ref idref="oc-34"/>
            <object_component_ref idref="oc-20"/>
            <object_component_ref idref="oc-2d"/>
            <object_component_ref idref="oc-30"/>
         </contents>
      </logical_group>
      <split_section id="lg-2">
         <name>.text</name>
         <contents>
            <logical_group_ref idref="lg-60"/>
         </contents>
      </split_section>
      <logical_group id="lg-3">
         <name>.stack</name>
         <run_address>0xc0</run_address>
         <size>0x2000</size>
         <contents>
            <object_component_ref idref="oc-25"/>
            <object_component_ref idref="oc-5d"/>
         </contents>
      </logical_group>
      <logical_group id="lg-4">
         <name>.sysstack</name>
         <run_address>0x20c0</run_address>
         <size>0x1000</size>
         <contents>
            <object_component_ref idref="oc-42"/>
            <object_component_ref idref="oc-5e"/>
         </contents>
      </logical_group>
      <logical_group id="lg-5">
         <name>.data</name>
         <run_address>0xc0</run_address>
         <size>0x0</size>
         <contents>
         </contents>
      </logical_group>
      <logical_group id="lg-61">
         <name>.bss</name>
         <run_address>0x30c0</run_address>
         <size>0x4e34</size>
         <contents>
            <object_component_ref idref="oc-16"/>
            <object_component_ref idref="oc-21"/>
            <object_component_ref idref="oc-35"/>
            <object_component_ref idref="oc-2a"/>
         </contents>
      </logical_group>
      <split_section id="lg-6">
         <name>.bss</name>
         <contents>
            <logical_group_ref idref="lg-61"/>
         </contents>
      </split_section>
      <logical_group id="lg-7">
         <name>.const</name>
         <run_address>0x0</run_address>
         <size>0x0</size>
         <contents>
         </contents>
      </logical_group>
      <logical_group id="lg-8">
         <name>.sysmem</name>
         <run_address>0x0</run_address>
         <size>0x0</size>
         <contents>
         </contents>
      </logical_group>
      <logical_group id="lg-9">
         <name>.switch</name>
         <run_address>0x0</run_address>
         <size>0x0</size>
         <contents>
         </contents>
      </logical_group>
      <logical_group id="lg-a">
         <name>.cinit</name>
         <load_address>0x40000</load_address>
         <run_address>0x40000</run_address>
         <size>0x32</size>
         <contents>
            <object_component_ref idref="oc-37"/>
            <object_component_ref idref="oc-2c"/>
            <object_component_ref idref="oc-18"/>
         </contents>
      </logical_group>
      <logical_group id="lg-b">
         <name>.pinit</name>
         <run_address>0x0</run_address>
         <size>0x0</size>
         <contents>
         </contents>
      </logical_group>
      <logical_group id="lg-c">
         <name>.cio</name>
         <run_address>0x0</run_address>
         <size>0x0</size>
         <contents>
         </contents>
      </logical_group>
      <logical_group id="lg-d">
         <name>.args</name>
         <run_address>0x0</run_address>
         <size>0x0</size>
         <contents>
         </contents>
      </logical_group>
      <logical_group id="lg-e">
         <name>vectors</name>
         <load_address>0x4fe00</load_address>
         <run_address>0x4fe00</run_address>
         <size>0x100</size>
         <contents>
            <object_component_ref idref="oc-14"/>
         </contents>
      </logical_group>
      <logical_group id="lg-f">
         <name>.ioport</name>
         <run_address>0x0</run_address>
         <size>0x0</size>
         <contents>
         </contents>
      </logical_group>
      <logical_group id="lg-10">
         <name>.fftcode</name>
         <run_address>0x0</run_address>
         <size>0x0</size>
         <contents>
         </contents>
      </logical_group>
      <logical_group id="lg-11">
         <name>.data:twiddle</name>
         <run_address>0x0</run_address>
         <size>0x0</size>
         <contents>
         </contents>
      </logical_group>
      <logical_group id="lg-12">
         <name>.input</name>
         <run_address>0x0</run_address>
         <size>0x0</size>
         <contents>
         </contents>
      </logical_group>
      <logical_group id="lg-54">
         <name>.debug_info</name>
         <load_address>0x0</load_address>
         <run_address>0x0</run_address>
         <size>0x1ff7</size>
         <contents>
            <object_component_ref idref="oc-17"/>
            <object_component_ref idref="oc-1d"/>
            <object_component_ref idref="oc-22"/>
            <object_component_ref idref="oc-26"/>
            <object_component_ref idref="oc-2b"/>
            <object_component_ref idref="oc-31"/>
            <object_component_ref idref="oc-36"/>
            <object_component_ref idref="oc-3b"/>
            <object_component_ref idref="oc-3f"/>
            <object_component_ref idref="oc-62"/>
         </contents>
      </logical_group>
      <logical_group id="lg-56">
         <name>.debug_frame</name>
         <load_address>0x0</load_address>
         <run_address>0x0</run_address>
         <size>0x133</size>
         <contents>
            <object_component_ref idref="oc-19"/>
         </contents>
      </logical_group>
      <logical_group id="lg-58">
         <name>.debug_line</name>
         <load_address>0x0</load_address>
         <run_address>0x0</run_address>
         <size>0x309</size>
         <contents>
            <object_component_ref idref="oc-1a"/>
            <object_component_ref idref="oc-1e"/>
            <object_component_ref idref="oc-23"/>
            <object_component_ref idref="oc-27"/>
            <object_component_ref idref="oc-2e"/>
            <object_component_ref idref="oc-32"/>
            <object_component_ref idref="oc-38"/>
            <object_component_ref idref="oc-3c"/>
            <object_component_ref idref="oc-40"/>
         </contents>
      </logical_group>
      <logical_group id="lg-5a">
         <name>.debug_abbrev</name>
         <load_address>0x0</load_address>
         <run_address>0x0</run_address>
         <size>0x4c1</size>
         <contents>
            <object_component_ref idref="oc-1b"/>
            <object_component_ref idref="oc-1f"/>
            <object_component_ref idref="oc-24"/>
            <object_component_ref idref="oc-28"/>
            <object_component_ref idref="oc-2f"/>
            <object_component_ref idref="oc-33"/>
            <object_component_ref idref="oc-39"/>
            <object_component_ref idref="oc-3d"/>
            <object_component_ref idref="oc-41"/>
            <object_component_ref idref="oc-63"/>
         </contents>
      </logical_group>
   </logical_group_list>
   <placement_map>
      <memory_area>
         <name>MMR</name>
         <page_id>0x0</page_id>
         <origin>0x0</origin>
         <length>0xc0</length>
         <used_space>0x0</used_space>
         <unused_space>0xc0</unused_space>
         <attributes>RWIX</attributes>
         <usage_details>
         </usage_details>
      </memory_area>
      <memory_area>
         <name>DARAM0</name>
         <page_id>0x0</page_id>
         <origin>0xc0</origin>
         <length>0xff40</length>
         <used_space>0x7e34</used_space>
         <unused_space>0x810c</unused_space>
         <attributes>RWIX</attributes>
         <usage_details>
            <allocated_space>
               <start_address>0xc0</start_address>
               <size>0x0</size>
               <logical_group_ref idref="lg-5"/>
            </allocated_space>
            <allocated_space>
               <start_address>0xc0</start_address>
               <size>0x2000</size>
               <logical_group_ref idref="lg-3"/>
            </allocated_space>
            <allocated_space>
               <start_address>0x20c0</start_address>
               <size>0x1000</size>
               <logical_group_ref idref="lg-4"/>
            </allocated_space>
            <allocated_space>
               <start_address>0x30c0</start_address>
               <size>0x4e34</size>
               <logical_group_ref idref="lg-61"/>
            </allocated_space>
            <available_space>
               <start_address>0x7ef4</start_address>
               <size>0x810c</size>
            </available_space>
         </usage_details>
      </memory_area>
      <memory_area>
         <name>SARAM0</name>
         <page_id>0x0</page_id>
         <origin>0x10000</origin>
         <length>0x10000</length>
         <used_space>0x0</used_space>
         <unused_space>0x10000</unused_space>
         <attributes>RWIX</attributes>
         <usage_details>
         </usage_details>
      </memory_area>
      <memory_area>
         <name>SARAM1</name>
         <page_id>0x0</page_id>
         <origin>0x20000</origin>
         <length>0x20000</length>
         <used_space>0x24e</used_space>
         <unused_space>0x1fdb2</unused_space>
         <attributes>RWIX</attributes>
         <usage_details>
            <allocated_space>
               <start_address>0x20000</start_address>
               <size>0x24e</size>
               <logical_group_ref idref="lg-60"/>
            </allocated_space>
            <available_space>
               <start_address>0x2024e</start_address>
               <size>0x1fdb2</size>
            </available_space>
         </usage_details>
      </memory_area>
      <memory_area>
         <name>SARAM2</name>
         <page_id>0x0</page_id>
         <origin>0x40000</origin>
         <length>0xfe00</length>
         <used_space>0x32</used_space>
         <unused_space>0xfdce</unused_space>
         <attributes>RWIX</attributes>
         <usage_details>
            <allocated_space>
               <start_address>0x40000</start_address>
               <size>0x32</size>
               <logical_group_ref idref="lg-a"/>
            </allocated_space>
            <available_space>
               <start_address>0x40032</start_address>
               <size>0xfdce</size>
            </available_space>
         </usage_details>
      </memory_area>
      <memory_area>
         <name>VECS</name>
         <page_id>0x0</page_id>
         <origin>0x4fe00</origin>
         <length>0x200</length>
         <used_space>0x100</used_space>
         <unused_space>0x100</unused_space>
         <attributes>RWIX</attributes>
         <usage_details>
            <allocated_space>
               <start_address>0x4fe00</start_address>
               <size>0x100</size>
               <logical_group_ref idref="lg-e"/>
            </allocated_space>
            <available_space>
               <start_address>0x4ff00</start_address>
               <size>0x100</size>
            </available_space>
         </usage_details>
      </memory_area>
      <memory_area>
         <name>PDROM</name>
         <page_id>0x0</page_id>
         <origin>0xff8000</origin>
         <length>0x8000</length>
         <used_space>0x0</used_space>
         <unused_space>0x8000</unused_space>
         <attributes>RIX</attributes>
         <usage_details>
         </usage_details>
      </memory_area>
      <memory_area>
         <name>IOPORT</name>
         <page_id>0x2</page_id>
         <origin>0x0</origin>
         <length>0x20000</length>
         <used_space>0x0</used_space>
         <unused_space>0x20000</unused_space>
         <attributes>RWI</attributes>
         <usage_details>
         </usage_details>
      </memory_area>
   </placement_map>
   <symbol_table>
      <symbol id="sm-0">
         <name>$TI_capability$C5500$CallingConvention</name>
         <value>0x2</value>
      </symbol>
      <symbol id="sm-1">
         <name>$TI_capability$C5500$MemoryModel</name>
         <value>0x2</value>
      </symbol>
      <symbol id="sm-2">
         <name>$TI_capability_requires_rev3</name>
         <value>0x1</value>
      </symbol>
      <symbol id="sm-3">
         <name>cinit</name>
         <value>0x40000</value>
      </symbol>
      <symbol id="sm-4">
         <name>___cinit__</name>
         <value>0x40000</value>
      </symbol>
      <symbol id="sm-5">
         <name>pinit</name>
         <value>0xffffffff</value>
      </symbol>
      <symbol id="sm-6">
         <name>___pinit__</name>
         <value>0xffffffff</value>
      </symbol>
      <symbol id="sm-7">
         <name>binit</name>
         <value>0xffffffff</value>
      </symbol>
      <symbol id="sm-8">
         <name>___binit__</name>
         <value>0xffffffff</value>
      </symbol>
      <symbol id="sm-9">
         <name>__STACK_SIZE</name>
         <value>0x2000</value>
      </symbol>
      <symbol id="sm-a">
         <name>__STACK_END</name>
         <value>0x20c0</value>
      </symbol>
      <symbol id="sm-b">
         <name>___c_args__</name>
         <value>0xffffffff</value>
      </symbol>
      <symbol id="sm-c">
         <name>__SYSSTACK_SIZE</name>
         <value>0x1000</value>
      </symbol>
      <symbol id="sm-d">
         <name>.text</name>
         <value>0xffffffff</value>
      </symbol>
      <symbol id="sm-e">
         <name>___text__</name>
         <value>0xffffffff</value>
      </symbol>
      <symbol id="sm-f">
         <name>etext</name>
         <value>0xffffffff</value>
      </symbol>
      <symbol id="sm-10">
         <name>___etext__</name>
         <value>0xffffffff</value>
      </symbol>
      <symbol id="sm-11">
         <name>.data</name>
         <value>0xffffffff</value>
      </symbol>
      <symbol id="sm-12">
         <name>___data__</name>
         <value>0xffffffff</value>
      </symbol>
      <symbol id="sm-13">
         <name>edata</name>
         <value>0xffffffff</value>
      </symbol>
      <symbol id="sm-14">
         <name>___edata__</name>
         <value>0xffffffff</value>
      </symbol>
      <symbol id="sm-15">
         <name>.bss</name>
         <value>0xffffffff</value>
      </symbol>
      <symbol id="sm-16">
         <name>___bss__</name>
         <value>0xffffffff</value>
      </symbol>
      <symbol id="sm-17">
         <name>end</name>
         <value>0xffffffff</value>
      </symbol>
      <symbol id="sm-18">
         <name>___end__</name>
         <value>0xffffffff</value>
      </symbol>
      <symbol id="sm-64">
         <name>_main</name>
         <value>0x200e8</value>
         <object_component_ref idref="oc-15"/>
      </symbol>
      <symbol id="sm-65">
         <name>_blockfir</name>
         <value>0x20059</value>
         <object_component_ref idref="oc-15"/>
      </symbol>
      <symbol id="sm-66">
         <name>_whtsamples</name>
         <value>0x30c0</value>
         <object_component_ref idref="oc-16"/>
      </symbol>
      <symbol id="sm-67">
         <name>_saw</name>
         <value>0x20018</value>
         <object_component_ref idref="oc-15"/>
      </symbol>
      <symbol id="sm-68">
         <name>_samples</name>
         <value>0x57d0</value>
         <object_component_ref idref="oc-16"/>
      </symbol>
      <symbol id="sm-69">
         <name>_whtnoise</name>
         <value>0x20000</value>
         <object_component_ref idref="oc-15"/>
      </symbol>
      <symbol id="sm-71">
         <name>_rand16</name>
         <value>0x201c0</value>
         <object_component_ref idref="oc-1c"/>
      </symbol>
      <symbol id="sm-7b">
         <name>rndseed</name>
         <value>0x7ee2</value>
         <object_component_ref idref="oc-21"/>
      </symbol>
      <symbol id="sm-7c">
         <name>_rand16init</name>
         <value>0x2023c</value>
         <object_component_ref idref="oc-20"/>
      </symbol>
      <symbol id="sm-88">
         <name>__sysstack</name>
         <value>0x20c0</value>
         <object_component_ref idref="oc-42"/>
      </symbol>
      <symbol id="sm-89">
         <name>_c_int00</name>
         <value>0x201f6</value>
         <object_component_ref idref="oc-13"/>
      </symbol>
      <symbol id="sm-8a">
         <name>__stack</name>
         <value>0xc0</value>
         <object_component_ref idref="oc-25"/>
      </symbol>
      <symbol id="sm-9a">
         <name>C$$EXIT</name>
         <value>0x20245</value>
         <object_component_ref idref="oc-2d"/>
      </symbol>
      <symbol id="sm-9b">
         <name>_exit</name>
         <value>0x20182</value>
         <object_component_ref idref="oc-29"/>
      </symbol>
      <symbol id="sm-9c">
         <name>_abort</name>
         <value>0x20244</value>
         <object_component_ref idref="oc-2d"/>
      </symbol>
      <symbol id="sm-9d">
         <name>__cleanup_ptr</name>
         <value>0x7eec</value>
         <object_component_ref idref="oc-2a"/>
      </symbol>
      <symbol id="sm-9e">
         <name>__dtors_ptr</name>
         <value>0x7ef0</value>
         <object_component_ref idref="oc-2a"/>
      </symbol>
      <symbol id="sm-a8">
         <name>_Reset</name>
         <value>0x4fe00</value>
         <object_component_ref idref="oc-14"/>
      </symbol>
      <symbol id="sm-b6">
         <name>__unlock</name>
         <value>0x7ee8</value>
         <object_component_ref idref="oc-35"/>
      </symbol>
      <symbol id="sm-b7">
         <name>__lock</name>
         <value>0x7ee4</value>
         <object_component_ref idref="oc-35"/>
      </symbol>
      <symbol id="sm-b8">
         <name>__register_lock</name>
         <value>0x20232</value>
         <object_component_ref idref="oc-34"/>
      </symbol>
      <symbol id="sm-b9">
         <name>__nop</name>
         <value>0x2023a</value>
         <object_component_ref idref="oc-34"/>
      </symbol>
      <symbol id="sm-ba">
         <name>__register_unlock</name>
         <value>0x2022a</value>
         <object_component_ref idref="oc-34"/>
      </symbol>
      <symbol id="sm-c4">
         <name>__args_main</name>
         <value>0x20137</value>
         <object_component_ref idref="oc-3a"/>
      </symbol>
      <symbol id="sm-c5">
         <name>__TI_args_main</name>
         <value>0x1</value>
      </symbol>
      <symbol id="sm-cd">
         <name>_auto_init</name>
         <value>0x200ea</value>
         <object_component_ref idref="oc-3e"/>
      </symbol>
   </symbol_table>
</link_info>
